ST47_Sim800.c:15:6:simcom_delete_buffer	24	static
ST47_Sim800.c:24:9:simcom_at_command	40	static
ST47_Sim800.c:73:6:simcom_init	8	static
ST47_Sim800.c:83:6:simcom_gprs_start	8	static
ST47_Sim800.c:98:6:simcom_gprs_http_start	8	static
ST47_Sim800.c:107:6:simcom_gprs_http_set_ssl	8	static
ST47_Sim800.c:113:6:simcom_gprs_http_end	8	static
ST47_Sim800.c:119:6:simcom_gprs_end	8	static
ST47_Sim800.c:125:6:simcom_gprs_init	8	static
ST47_Sim800.c:133:6:simcom_send_sms	56	static
ST47_Sim800.c:152:6:firebase_update	320	static
ST47_Sim800.c:208:7:firebase_read_json	8	static
