ST47_Sim800.c:15:6:simcom_delete_buffer	24	static
ST47_Sim800.c:24:9:simcom_at_command	40	static
ST47_Sim800.c:73:6:simcom_init	8	static
ST47_Sim800.c:82:6:simcom_gprs_start	8	static
ST47_Sim800.c:97:6:simcom_gprs_http_start	8	static
ST47_Sim800.c:106:6:simcom_gprs_http_set_ssl	8	static
ST47_Sim800.c:112:6:simcom_gprs_http_end	8	static
ST47_Sim800.c:118:6:simcom_gprs_end	8	static
ST47_Sim800.c:124:6:simcom_gprs_init	8	static
ST47_Sim800.c:132:6:simcom_send_sms	56	static
ST47_Sim800.c:151:6:firebase_update	216	static
ST47_Sim800.c:182:6:firebase_post_status	4	static
ST47_Sim800.c:187:7:firebase_read_json	8	static
